// Jest Snapshot v1, https://goo.gl/fbAQLP

exports[`renders ProductList correctly when there are empy products array 1`] = `
<DocumentFragment>
  <div
    class="Toastify"
  />
  <div
    class="container-wrapper container"
  >
    <div
      class="row"
    >
      <div
        class="col-lg-10 col-md-10 col-sm-12"
      >
        <h2
          data-testid="product-field-header"
        >
          Customise Product Fields
          <div
            style="height: 2px; width: 2px;"
          >
            <div
              class="dropdown"
            >
              <button
                aria-expanded="false"
                class="dropdown-toggle btn btn-warning"
                id="dropdown-basic-button"
                type="button"
              >
                <svg
                  enable-background="new 0 0 48 48"
                  fill="currentColor"
                  height="1em"
                  stroke="currentColor"
                  stroke-width="0"
                  version="1"
                  viewBox="0 0 48 48"
                  width="1em"
                  xmlns="http://www.w3.org/2000/svg"
                >
                  <polygon
                    fill="#F57C00"
                    points="29,23 19,23 7,9 41,9"
                  />
                  <g
                    fill="#FF9800"
                  >
                    <polygon
                      points="29,38 19,44 19,23 29,23"
                    />
                    <path
                      d="M41.5,9h-35C5.7,9,5,8.3,5,7.5v0C5,6.7,5.7,6,6.5,6h35C42.3,6,43,6.7,43,7.5v0C43,8.3,42.3,9,41.5,9z"
                    />
                  </g>
                </svg>
              </button>
            </div>
          </div>
        </h2>
        <form
          class="form-wrapper"
        >
          <label>
            Product Name
          </label>
          <input
            checked=""
            name="name"
            type="checkbox"
          />
          <label>
            Manufacture
          </label>
          <input
            checked=""
            name="manufacture"
            type="checkbox"
          />
          <label>
            Rating
          </label>
          <input
            checked=""
            name="rating"
            type="checkbox"
          />
          <label>
            Description
          </label>
          <input
            checked=""
            name="description"
            type="checkbox"
          />
        </form>
      </div>
      <div
        class="col"
      >
        <div
          class="row"
        >
          <div
            class="m-1 col"
          >
            <div
              style="margin: 2px; width: 10.5rem;"
            />
          </div>
          <div
            class="m-1 col"
          >
            <div
              style="margin: 2px; width: 9rem;"
            >
              <button
                class="btn btn-primary"
                data-testid="add-product-btn"
                type="button"
              >
                Add Product 
                <svg
                  fill="none"
                  height="1em"
                  stroke="currentColor"
                  stroke-width="0"
                  style="margin-top: -2px;"
                  viewBox="0 0 24 24"
                  width="1em"
                  xmlns="http://www.w3.org/2000/svg"
                >
                  <path
                    d="M12 6C12.5523 6 13 6.44772 13 7V11H17C17.5523 11 18 11.4477 18 12C18 12.5523 17.5523 13 17 13H13V17C13 17.5523 12.5523 18 12 18C11.4477 18 11 17.5523 11 17V13H7C6.44772 13 6 12.5523 6 12C6 11.4477 6.44772 11 7 11H11V7C11 6.44772 11.4477 6 12 6Z"
                    fill="currentColor"
                  />
                  <path
                    clip-rule="evenodd"
                    d="M5 22C3.34315 22 2 20.6569 2 19V5C2 3.34315 3.34315 2 5 2H19C20.6569 2 22 3.34315 22 5V19C22 20.6569 20.6569 22 19 22H5ZM4 19C4 19.5523 4.44772 20 5 20H19C19.5523 20 20 19.5523 20 19V5C20 4.44772 19.5523 4 19 4H5C4.44772 4 4 4.44772 4 5V19Z"
                    fill="currentColor"
                    fill-rule="evenodd"
                  />
                </svg>
              </button>
            </div>
          </div>
        </div>
      </div>
    </div>
  </div>
  <br />
  <div
    class="container"
  >
    <div
      class="justify-content-md-center row"
    >
      <h5>
        No Product Found
      </h5>
    </div>
  </div>
</DocumentFragment>
`;
