// Jest Snapshot v1, https://goo.gl/fbAQLP

exports[`App page snapshot renders correctly 1`] = `
<DocumentFragment>
  <div
    class="Toastify"
  />
  <nav
    class="navbar navbar-expand-lg navbar-dark bg-primary fixed-top"
  >
    <div
      class="container"
    >
      <span
        class="navbar-brand"
        style="cursor: pointer;"
      >
        Product Inventory
      </span>
      <button
        aria-controls="basic-navbar-nav"
        aria-label="Toggle navigation"
        class="navbar-toggler collapsed"
        type="button"
      >
        <span
          class="navbar-toggler-icon"
        />
      </button>
      <div
        class="navbar-collapse collapse"
        id="basic-navbar-nav"
      >
        <div
          class="me-auto navbar-nav"
        >
          <a
            class="nav-link"
            href="#"
            role="button"
            tabindex="0"
          >
            About
          </a>
          <a
            class="nav-link"
            href="#"
            role="button"
            style="margin-right: 2rem;"
            tabindex="0"
          >
            Product's Chart
          </a>
          <form
            class="d-flex"
          >
            <input
              aria-label="Search"
              class="me-2 form-control"
              placeholder="Search"
              type="search"
            />
          </form>
        </div>
      </div>
      <div
        class="justify-content-end navbar-collapse collapse"
      >
        <div
          class="nav-item dropdown"
        >
          <a
            aria-expanded="false"
            class="dropdown-toggle nav-link"
            href="#"
            id="basic-nav-dropdown"
            role="button"
            tabindex="0"
          >
            <span
              style="color: white;"
            >
              Login/Register
            </span>
          </a>
        </div>
      </div>
    </div>
  </nav>
  <div
    class="loader"
  >
    <div
      class="spinner-border spinner-border-xl"
    />
  </div>
  <footer
    class="footer"
  >
    <p
      style="color: white; text-align: center;"
    >
      Sanu Â©. All rights reserved.
    </p>
  </footer>
</DocumentFragment>
`;
